gpasm-1.5.0 #1285 (Dec 29 2017) exampleFruit-   27/01/2020  11:10:58        PAGE  1


LOC    OBJECT CODE    LINE  SOURCE TEXT
  VALUE

                      00001 ;--------------------------------------------------------
                      00002 ; File Created by SDCC : free open source ANSI-C Compiler
                      00003 ; Version 3.6.9 #10186 (Linux)
                      00004 ;--------------------------------------------------------
                      00005 ; PIC16 port for the Microchip 16-bit core micros
                      00006 ;--------------------------------------------------------
                      00007         list    p=18f26k22
                      00008         radix   dec
                      00009 
                      00010 
                      00011 ;--------------------------------------------------------
                      00012 ; public variables in this module
                      00013 ;--------------------------------------------------------
  0000                00014         global  _Generic26kSetup
  0000                00015         global  _Setup
                      00016 
                      00017 ;--------------------------------------------------------
                      00018 ; extern variables in this module
                      00019 ;--------------------------------------------------------
  0000                00020         extern  _ANSELAbits
  0000                00021         extern  _ANSELBbits
  0000                00022         extern  _ANSELCbits
  0000                00023         extern  _PMD2bits
  0000                00024         extern  _PMD1bits
  0000                00025         extern  _PMD0bits
  0000                00026         extern  _DACCON1bits
  0000                00027         extern  _VREFCON2bits
  0000                00028         extern  _DACCON0bits
  0000                00029         extern  _VREFCON1bits
  0000                00030         extern  _FVRCONbits
  0000                00031         extern  _VREFCON0bits
  0000                00032         extern  _CTMUICONbits
  0000                00033         extern  _CTMUICONHbits
  0000                00034         extern  _CTMUCON1bits
  0000                00035         extern  _CTMUCONLbits
  0000                00036         extern  _CTMUCON0bits
  0000                00037         extern  _CTMUCONHbits
  0000                00038         extern  _SRCON1bits
  0000                00039         extern  _SRCON0bits
  0000                00040         extern  _CCPTMRS1bits
  0000                00041         extern  _CCPTMRS0bits
  0000                00042         extern  _T6CONbits
  0000                00043         extern  _T5GCONbits
  0000                00044         extern  _T5CONbits
  0000                00045         extern  _T4CONbits
  0000                00046         extern  _CCP5CONbits
  0000                00047         extern  _CCP4CONbits
  0000                00048         extern  _PSTR3CONbits
  0000                00049         extern  _CCP3ASbits
  0000                00050         extern  _ECCP3ASbits
  0000                00051         extern  _PWM3CONbits
  0000                00052         extern  _CCP3CONbits
  0000                00053         extern  _SLRCONbits
gpasm-1.5.0 #1285 (Dec 29 2017) exampleFruit-   27/01/2020  11:10:58        PAGE  2


LOC    OBJECT CODE    LINE  SOURCE TEXT
  VALUE

  0000                00054         extern  _WPUBbits
  0000                00055         extern  _IOCBbits
  0000                00056         extern  _PSTR2CONbits
  0000                00057         extern  _CCP2ASbits
  0000                00058         extern  _ECCP2ASbits
  0000                00059         extern  _PWM2CONbits
  0000                00060         extern  _CCP2CONbits
  0000                00061         extern  _SSP2CON3bits
  0000                00062         extern  _SSP2MSKbits
  0000                00063         extern  _SSP2CON2bits
  0000                00064         extern  _SSP2CON1bits
  0000                00065         extern  _SSP2STATbits
  0000                00066         extern  _BAUD2CONbits
  0000                00067         extern  _BAUDCON2bits
  0000                00068         extern  _RC2STAbits
  0000                00069         extern  _RCSTA2bits
  0000                00070         extern  _TX2STAbits
  0000                00071         extern  _TXSTA2bits
  0000                00072         extern  _CM12CONbits
  0000                00073         extern  _CM2CON1bits
  0000                00074         extern  _CM2CONbits
  0000                00075         extern  _CM2CON0bits
  0000                00076         extern  _CM1CONbits
  0000                00077         extern  _CM1CON0bits
  0000                00078         extern  _PIE4bits
  0000                00079         extern  _PIR4bits
  0000                00080         extern  _IPR4bits
  0000                00081         extern  _PIE5bits
  0000                00082         extern  _PIR5bits
  0000                00083         extern  _IPR5bits
  0000                00084         extern  _PORTAbits
  0000                00085         extern  _PORTBbits
  0000                00086         extern  _PORTCbits
  0000                00087         extern  _PORTEbits
  0000                00088         extern  _LATAbits
  0000                00089         extern  _LATBbits
  0000                00090         extern  _LATCbits
  0000                00091         extern  _DDRAbits
  0000                00092         extern  _TRISAbits
  0000                00093         extern  _DDRBbits
  0000                00094         extern  _TRISBbits
  0000                00095         extern  _DDRCbits
  0000                00096         extern  _TRISCbits
  0000                00097         extern  _TRISEbits
  0000                00098         extern  _OSCTUNEbits
  0000                00099         extern  _HLVDCONbits
  0000                00100         extern  _LVDCONbits
  0000                00101         extern  _PIE1bits
  0000                00102         extern  _PIR1bits
  0000                00103         extern  _IPR1bits
  0000                00104         extern  _PIE2bits
  0000                00105         extern  _PIR2bits
  0000                00106         extern  _IPR2bits
gpasm-1.5.0 #1285 (Dec 29 2017) exampleFruit-   27/01/2020  11:10:58        PAGE  3


LOC    OBJECT CODE    LINE  SOURCE TEXT
  VALUE

  0000                00107         extern  _PIE3bits
  0000                00108         extern  _PIR3bits
  0000                00109         extern  _IPR3bits
  0000                00110         extern  _EECON1bits
  0000                00111         extern  _EEADRbits
  0000                00112         extern  _EEADRHbits
  0000                00113         extern  _RC1STAbits
  0000                00114         extern  _RCSTAbits
  0000                00115         extern  _RCSTA1bits
  0000                00116         extern  _TX1STAbits
  0000                00117         extern  _TXSTAbits
  0000                00118         extern  _TXSTA1bits
  0000                00119         extern  _T3CONbits
  0000                00120         extern  _T3GCONbits
  0000                00121         extern  _ECCP1ASbits
  0000                00122         extern  _ECCPASbits
  0000                00123         extern  _PWM1CONbits
  0000                00124         extern  _PWMCONbits
  0000                00125         extern  _BAUD1CONbits
  0000                00126         extern  _BAUDCONbits
  0000                00127         extern  _BAUDCON1bits
  0000                00128         extern  _BAUDCTLbits
  0000                00129         extern  _PSTR1CONbits
  0000                00130         extern  _PSTRCONbits
  0000                00131         extern  _T2CONbits
  0000                00132         extern  _CCP1CONbits
  0000                00133         extern  _ADCON2bits
  0000                00134         extern  _ADCON1bits
  0000                00135         extern  _ADCON0bits
  0000                00136         extern  _SSP1CON2bits
  0000                00137         extern  _SSPCON2bits
  0000                00138         extern  _SSP1CON1bits
  0000                00139         extern  _SSPCON1bits
  0000                00140         extern  _SSP1STATbits
  0000                00141         extern  _SSPSTATbits
  0000                00142         extern  _SSP1MSKbits
  0000                00143         extern  _SSPMSKbits
  0000                00144         extern  _SSP1CON3bits
  0000                00145         extern  _SSPCON3bits
  0000                00146         extern  _T1GCONbits
  0000                00147         extern  _T1CONbits
  0000                00148         extern  _RCONbits
  0000                00149         extern  _WDTCONbits
  0000                00150         extern  _OSCCON2bits
  0000                00151         extern  _OSCCONbits
  0000                00152         extern  _T0CONbits
  0000                00153         extern  _STATUSbits
  0000                00154         extern  _INTCON3bits
  0000                00155         extern  _INTCON2bits
  0000                00156         extern  _INTCONbits
  0000                00157         extern  _STKPTRbits
  0000                00158         extern  _ANSELA
  0000                00159         extern  _ANSELB
gpasm-1.5.0 #1285 (Dec 29 2017) exampleFruit-   27/01/2020  11:10:58        PAGE  4


LOC    OBJECT CODE    LINE  SOURCE TEXT
  VALUE

  0000                00160         extern  _ANSELC
  0000                00161         extern  _PMD2
  0000                00162         extern  _PMD1
  0000                00163         extern  _PMD0
  0000                00164         extern  _DACCON1
  0000                00165         extern  _VREFCON2
  0000                00166         extern  _DACCON0
  0000                00167         extern  _VREFCON1
  0000                00168         extern  _FVRCON
  0000                00169         extern  _VREFCON0
  0000                00170         extern  _CTMUICON
  0000                00171         extern  _CTMUICONH
  0000                00172         extern  _CTMUCON1
  0000                00173         extern  _CTMUCONL
  0000                00174         extern  _CTMUCON0
  0000                00175         extern  _CTMUCONH
  0000                00176         extern  _SRCON1
  0000                00177         extern  _SRCON0
  0000                00178         extern  _CCPTMRS1
  0000                00179         extern  _CCPTMRS0
  0000                00180         extern  _T6CON
  0000                00181         extern  _PR6
  0000                00182         extern  _TMR6
  0000                00183         extern  _T5GCON
  0000                00184         extern  _T5CON
  0000                00185         extern  _TMR5
  0000                00186         extern  _TMR5L
  0000                00187         extern  _TMR5H
  0000                00188         extern  _T4CON
  0000                00189         extern  _PR4
  0000                00190         extern  _TMR4
  0000                00191         extern  _CCP5CON
  0000                00192         extern  _CCPR5
  0000                00193         extern  _CCPR5L
  0000                00194         extern  _CCPR5H
  0000                00195         extern  _CCP4CON
  0000                00196         extern  _CCPR4
  0000                00197         extern  _CCPR4L
  0000                00198         extern  _CCPR4H
  0000                00199         extern  _PSTR3CON
  0000                00200         extern  _CCP3AS
  0000                00201         extern  _ECCP3AS
  0000                00202         extern  _PWM3CON
  0000                00203         extern  _CCP3CON
  0000                00204         extern  _CCPR3
  0000                00205         extern  _CCPR3L
  0000                00206         extern  _CCPR3H
  0000                00207         extern  _SLRCON
  0000                00208         extern  _WPUB
  0000                00209         extern  _IOCB
  0000                00210         extern  _PSTR2CON
  0000                00211         extern  _CCP2AS
  0000                00212         extern  _ECCP2AS
gpasm-1.5.0 #1285 (Dec 29 2017) exampleFruit-   27/01/2020  11:10:58        PAGE  5


LOC    OBJECT CODE    LINE  SOURCE TEXT
  VALUE

  0000                00213         extern  _PWM2CON
  0000                00214         extern  _CCP2CON
  0000                00215         extern  _CCPR2
  0000                00216         extern  _CCPR2L
  0000                00217         extern  _CCPR2H
  0000                00218         extern  _SSP2CON3
  0000                00219         extern  _SSP2MSK
  0000                00220         extern  _SSP2CON2
  0000                00221         extern  _SSP2CON1
  0000                00222         extern  _SSP2STAT
  0000                00223         extern  _SSP2ADD
  0000                00224         extern  _SSP2BUF
  0000                00225         extern  _BAUD2CON
  0000                00226         extern  _BAUDCON2
  0000                00227         extern  _RC2STA
  0000                00228         extern  _RCSTA2
  0000                00229         extern  _TX2STA
  0000                00230         extern  _TXSTA2
  0000                00231         extern  _TX2REG
  0000                00232         extern  _TXREG2
  0000                00233         extern  _RC2REG
  0000                00234         extern  _RCREG2
  0000                00235         extern  _SP2BRG
  0000                00236         extern  _SPBRG2
  0000                00237         extern  _SP2BRGH
  0000                00238         extern  _SPBRGH2
  0000                00239         extern  _CM12CON
  0000                00240         extern  _CM2CON1
  0000                00241         extern  _CM2CON
  0000                00242         extern  _CM2CON0
  0000                00243         extern  _CM1CON
  0000                00244         extern  _CM1CON0
  0000                00245         extern  _PIE4
  0000                00246         extern  _PIR4
  0000                00247         extern  _IPR4
  0000                00248         extern  _PIE5
  0000                00249         extern  _PIR5
  0000                00250         extern  _IPR5
  0000                00251         extern  _PORTA
  0000                00252         extern  _PORTB
  0000                00253         extern  _PORTC
  0000                00254         extern  _PORTE
  0000                00255         extern  _LATA
  0000                00256         extern  _LATB
  0000                00257         extern  _LATC
  0000                00258         extern  _DDRA
  0000                00259         extern  _TRISA
  0000                00260         extern  _DDRB
  0000                00261         extern  _TRISB
  0000                00262         extern  _DDRC
  0000                00263         extern  _TRISC
  0000                00264         extern  _TRISE
  0000                00265         extern  _OSCTUNE
gpasm-1.5.0 #1285 (Dec 29 2017) exampleFruit-   27/01/2020  11:10:58        PAGE  6


LOC    OBJECT CODE    LINE  SOURCE TEXT
  VALUE

  0000                00266         extern  _HLVDCON
  0000                00267         extern  _LVDCON
  0000                00268         extern  _PIE1
  0000                00269         extern  _PIR1
  0000                00270         extern  _IPR1
  0000                00271         extern  _PIE2
  0000                00272         extern  _PIR2
  0000                00273         extern  _IPR2
  0000                00274         extern  _PIE3
  0000                00275         extern  _PIR3
  0000                00276         extern  _IPR3
  0000                00277         extern  _EECON1
  0000                00278         extern  _EECON2
  0000                00279         extern  _EEDATA
  0000                00280         extern  _EEADR
  0000                00281         extern  _EEADRH
  0000                00282         extern  _RC1STA
  0000                00283         extern  _RCSTA
  0000                00284         extern  _RCSTA1
  0000                00285         extern  _TX1STA
  0000                00286         extern  _TXSTA
  0000                00287         extern  _TXSTA1
  0000                00288         extern  _TX1REG
  0000                00289         extern  _TXREG
  0000                00290         extern  _TXREG1
  0000                00291         extern  _RC1REG
  0000                00292         extern  _RCREG
  0000                00293         extern  _RCREG1
  0000                00294         extern  _SP1BRG
  0000                00295         extern  _SPBRG
  0000                00296         extern  _SPBRG1
  0000                00297         extern  _SP1BRGH
  0000                00298         extern  _SPBRGH
  0000                00299         extern  _SPBRGH1
  0000                00300         extern  _T3CON
  0000                00301         extern  _TMR3
  0000                00302         extern  _TMR3L
  0000                00303         extern  _TMR3H
  0000                00304         extern  _T3GCON
  0000                00305         extern  _ECCP1AS
  0000                00306         extern  _ECCPAS
  0000                00307         extern  _PWM1CON
  0000                00308         extern  _PWMCON
  0000                00309         extern  _BAUD1CON
  0000                00310         extern  _BAUDCON
  0000                00311         extern  _BAUDCON1
  0000                00312         extern  _BAUDCTL
  0000                00313         extern  _PSTR1CON
  0000                00314         extern  _PSTRCON
  0000                00315         extern  _T2CON
  0000                00316         extern  _PR2
  0000                00317         extern  _TMR2
  0000                00318         extern  _CCP1CON
gpasm-1.5.0 #1285 (Dec 29 2017) exampleFruit-   27/01/2020  11:10:58        PAGE  7


LOC    OBJECT CODE    LINE  SOURCE TEXT
  VALUE

  0000                00319         extern  _CCPR1
  0000                00320         extern  _CCPR1L
  0000                00321         extern  _CCPR1H
  0000                00322         extern  _ADCON2
  0000                00323         extern  _ADCON1
  0000                00324         extern  _ADCON0
  0000                00325         extern  _ADRES
  0000                00326         extern  _ADRESL
  0000                00327         extern  _ADRESH
  0000                00328         extern  _SSP1CON2
  0000                00329         extern  _SSPCON2
  0000                00330         extern  _SSP1CON1
  0000                00331         extern  _SSPCON1
  0000                00332         extern  _SSP1STAT
  0000                00333         extern  _SSPSTAT
  0000                00334         extern  _SSP1ADD
  0000                00335         extern  _SSPADD
  0000                00336         extern  _SSP1BUF
  0000                00337         extern  _SSPBUF
  0000                00338         extern  _SSP1MSK
  0000                00339         extern  _SSPMSK
  0000                00340         extern  _SSP1CON3
  0000                00341         extern  _SSPCON3
  0000                00342         extern  _T1GCON
  0000                00343         extern  _T1CON
  0000                00344         extern  _TMR1
  0000                00345         extern  _TMR1L
  0000                00346         extern  _TMR1H
  0000                00347         extern  _RCON
  0000                00348         extern  _WDTCON
  0000                00349         extern  _OSCCON2
  0000                00350         extern  _OSCCON
  0000                00351         extern  _T0CON
  0000                00352         extern  _TMR0
  0000                00353         extern  _TMR0L
  0000                00354         extern  _TMR0H
  0000                00355         extern  _STATUS
  0000                00356         extern  _FSR2L
  0000                00357         extern  _FSR2H
  0000                00358         extern  _PLUSW2
  0000                00359         extern  _PREINC2
  0000                00360         extern  _POSTDEC2
  0000                00361         extern  _POSTINC2
  0000                00362         extern  _INDF2
  0000                00363         extern  _BSR
  0000                00364         extern  _FSR1L
  0000                00365         extern  _FSR1H
  0000                00366         extern  _PLUSW1
  0000                00367         extern  _PREINC1
  0000                00368         extern  _POSTDEC1
  0000                00369         extern  _POSTINC1
  0000                00370         extern  _INDF1
  0000                00371         extern  _WREG
gpasm-1.5.0 #1285 (Dec 29 2017) exampleFruit-   27/01/2020  11:10:58        PAGE  8


LOC    OBJECT CODE    LINE  SOURCE TEXT
  VALUE

  0000                00372         extern  _FSR0L
  0000                00373         extern  _FSR0H
  0000                00374         extern  _PLUSW0
  0000                00375         extern  _PREINC0
  0000                00376         extern  _POSTDEC0
  0000                00377         extern  _POSTINC0
  0000                00378         extern  _INDF0
  0000                00379         extern  _INTCON3
  0000                00380         extern  _INTCON2
  0000                00381         extern  _INTCON
  0000                00382         extern  _PROD
  0000                00383         extern  _PRODL
  0000                00384         extern  _PRODH
  0000                00385         extern  _TABLAT
  0000                00386         extern  _TBLPTR
  0000                00387         extern  _TBLPTRL
  0000                00388         extern  _TBLPTRH
  0000                00389         extern  _TBLPTRU
  0000                00390         extern  _PC
  0000                00391         extern  _PCL
  0000                00392         extern  _PCLATH
  0000                00393         extern  _PCLATU
  0000                00394         extern  _STKPTR
  0000                00395         extern  _TOS
  0000                00396         extern  _TOSL
  0000                00397         extern  _TOSH
  0000                00398         extern  _TOSU
                      00399 
                      00400 ;--------------------------------------------------------
                      00401 ; global & static initialisations
                      00402 ;--------------------------------------------------------
                      00403 ; I code from now on!
                      00404 ; ; Starting pCode block
                      00405 S_boardconfig__Setup    code
000000                00406 _Setup:
                      00407 ;       .line   24; /home/arsene/pd-externals/Fraise/boards/Versa2/boardconfig.c        Generic26kSetup(
                            );
000000 EC?? F0??      00408         CALL    _Generic26kSetup
                      00409 ;       .line   25; /home/arsene/pd-externals/Fraise/boards/Versa2/boardconfig.c        }
000004 0012           00410         RETURN  
                      00411 
                      00412 ; ; Starting pCode block
                      00413 S_boardconfig__Generic26kSetup  code
000000                00414 _Generic26kSetup:
                      00415 ;       .line   24; /home/arsene/pd-externals/Fraise/boards/Versa2/../generic26kconfig.c        OSCCON=0
                            b01110000;
000000 0E70           00416         MOVLW   0x70
000002 6E??           00417         MOVWF   _OSCCON
                      00418 ;       .line   25; /home/arsene/pd-externals/Fraise/boards/Versa2/../generic26kconfig.c        OSCTUNEb
                            its.PLLEN=1;
000004 8C??           00419         BSF     _OSCTUNEbits, 6
                      00420 ; #     MOVLW   0xff
                      00421 ; #     MOVWF   _TRISA
gpasm-1.5.0 #1285 (Dec 29 2017) exampleFruit-   27/01/2020  11:10:58        PAGE  9


LOC    OBJECT CODE    LINE  SOURCE TEXT
  VALUE

                      00422 ; #     MOVLW   0xff
                      00423 ;       .line   29; /home/arsene/pd-externals/Fraise/boards/Versa2/../generic26kconfig.c        TRISA=0x
                            ff;
000006 0EFF           00424         MOVLW   0xff
                      00425 ;       .line   30; /home/arsene/pd-externals/Fraise/boards/Versa2/../generic26kconfig.c        TRISB=0x
                            ff;
000008 68??           00426         SETF    _TRISA
                      00427 ;       .line   31; /home/arsene/pd-externals/Fraise/boards/Versa2/../generic26kconfig.c        TRISC=0x
                            ff;
00000A 68??           00428         SETF    _TRISB
                      00429 ; #     MOVLW   0xff
                      00430 ; #     MOVWF   _TRISC
                      00431 ; #     MOVLW   0xff
                      00432 ;       .line   32; /home/arsene/pd-externals/Fraise/boards/Versa2/../generic26kconfig.c        TRISE=0x
                            ff;
00000C 68??           00433         SETF    _TRISC
00000E 68??           00434         SETF    _TRISE
                      00435 ;       .line   33; /home/arsene/pd-externals/Fraise/boards/Versa2/../generic26kconfig.c        IOCB=0; 
                            //disable all 4 portB "interrupt on change"
000010 6A??           00436         CLRF    _IOCB
                      00437 ;       .line   34; /home/arsene/pd-externals/Fraise/boards/Versa2/../generic26kconfig.c        INTCON2b
                            its.RBPU=0; //enable PORTB weak pullups
000012 9E??           00438         BCF     _INTCON2bits, 7
                      00439 ;       .line   35; /home/arsene/pd-externals/Fraise/boards/Versa2/../generic26kconfig.c        }
000014 0012           00440         RETURN  
                      00441 
                      00442 
                      00443 
                      00444 ; Statistics:
                      00445 ; code size:       28 (0x001c) bytes ( 0.02%)
                      00446 ;                  14 (0x000e) words
                      00447 ; udata size:       0 (0x0000) bytes ( 0.00%)
                      00448 ; access size:      0 (0x0000) bytes
                      00449 
                      00450 
                      00451         end
gpasm-1.5.0 #1285 (Dec 29 2017) exampleFruit-   27/01/2020  11:10:58        PAGE 10


SYMBOL TABLE
  LABEL                              TYPE        VALUE         VALUE          VALUE
                                                 (hex)         (dec)          (text)

_ADCON0                           EXTERNAL      00000000              0
_ADCON0bits                       EXTERNAL      00000000              0
_ADCON1                           EXTERNAL      00000000              0
_ADCON1bits                       EXTERNAL      00000000              0
_ADCON2                           EXTERNAL      00000000              0
_ADCON2bits                       EXTERNAL      00000000              0
_ADRES                            EXTERNAL      00000000              0
_ADRESH                           EXTERNAL      00000000              0
_ADRESL                           EXTERNAL      00000000              0
_ANSELA                           EXTERNAL      00000000              0
_ANSELAbits                       EXTERNAL      00000000              0
_ANSELB                           EXTERNAL      00000000              0
_ANSELBbits                       EXTERNAL      00000000              0
_ANSELC                           EXTERNAL      00000000              0
_ANSELCbits                       EXTERNAL      00000000              0
_BAUD1CON                         EXTERNAL      00000000              0
_BAUD1CONbits                     EXTERNAL      00000000              0
_BAUD2CON                         EXTERNAL      00000000              0
_BAUD2CONbits                     EXTERNAL      00000000              0
_BAUDCON                          EXTERNAL      00000000              0
_BAUDCON1                         EXTERNAL      00000000              0
_BAUDCON1bits                     EXTERNAL      00000000              0
_BAUDCON2                         EXTERNAL      00000000              0
_BAUDCON2bits                     EXTERNAL      00000000              0
_BAUDCONbits                      EXTERNAL      00000000              0
_BAUDCTL                          EXTERNAL      00000000              0
_BAUDCTLbits                      EXTERNAL      00000000              0
_BSR                              EXTERNAL      00000000              0
_CCP1CON                          EXTERNAL      00000000              0
_CCP1CONbits                      EXTERNAL      00000000              0
_CCP2AS                           EXTERNAL      00000000              0
_CCP2ASbits                       EXTERNAL      00000000              0
_CCP2CON                          EXTERNAL      00000000              0
_CCP2CONbits                      EXTERNAL      00000000              0
_CCP3AS                           EXTERNAL      00000000              0
_CCP3ASbits                       EXTERNAL      00000000              0
_CCP3CON                          EXTERNAL      00000000              0
_CCP3CONbits                      EXTERNAL      00000000              0
_CCP4CON                          EXTERNAL      00000000              0
_CCP4CONbits                      EXTERNAL      00000000              0
_CCP5CON                          EXTERNAL      00000000              0
_CCP5CONbits                      EXTERNAL      00000000              0
_CCPR1                            EXTERNAL      00000000              0
_CCPR1H                           EXTERNAL      00000000              0
_CCPR1L                           EXTERNAL      00000000              0
_CCPR2                            EXTERNAL      00000000              0
_CCPR2H                           EXTERNAL      00000000              0
_CCPR2L                           EXTERNAL      00000000              0
_CCPR3                            EXTERNAL      00000000              0
_CCPR3H                           EXTERNAL      00000000              0
_CCPR3L                           EXTERNAL      00000000              0
_CCPR4                            EXTERNAL      00000000              0
gpasm-1.5.0 #1285 (Dec 29 2017) exampleFruit-   27/01/2020  11:10:58        PAGE 11


SYMBOL TABLE
  LABEL                              TYPE        VALUE         VALUE          VALUE
                                                 (hex)         (dec)          (text)

_CCPR4H                           EXTERNAL      00000000              0
_CCPR4L                           EXTERNAL      00000000              0
_CCPR5                            EXTERNAL      00000000              0
_CCPR5H                           EXTERNAL      00000000              0
_CCPR5L                           EXTERNAL      00000000              0
_CCPTMRS0                         EXTERNAL      00000000              0
_CCPTMRS0bits                     EXTERNAL      00000000              0
_CCPTMRS1                         EXTERNAL      00000000              0
_CCPTMRS1bits                     EXTERNAL      00000000              0
_CM1CON                           EXTERNAL      00000000              0
_CM1CON0                          EXTERNAL      00000000              0
_CM1CON0bits                      EXTERNAL      00000000              0
_CM1CONbits                       EXTERNAL      00000000              0
_CM2CON                           EXTERNAL      00000000              0
_CM2CON0                          EXTERNAL      00000000              0
_CM2CON0bits                      EXTERNAL      00000000              0
_CM2CON1                          EXTERNAL      00000000              0
_CM2CON1bits                      EXTERNAL      00000000              0
_CM2CONbits                       EXTERNAL      00000000              0
_CM12CON                          EXTERNAL      00000000              0
_CM12CONbits                      EXTERNAL      00000000              0
_CTMUCON0                         EXTERNAL      00000000              0
_CTMUCON0bits                     EXTERNAL      00000000              0
_CTMUCON1                         EXTERNAL      00000000              0
_CTMUCON1bits                     EXTERNAL      00000000              0
_CTMUCONH                         EXTERNAL      00000000              0
_CTMUCONHbits                     EXTERNAL      00000000              0
_CTMUCONL                         EXTERNAL      00000000              0
_CTMUCONLbits                     EXTERNAL      00000000              0
_CTMUICON                         EXTERNAL      00000000              0
_CTMUICONH                        EXTERNAL      00000000              0
_CTMUICONHbits                    EXTERNAL      00000000              0
_CTMUICONbits                     EXTERNAL      00000000              0
_DACCON0                          EXTERNAL      00000000              0
_DACCON0bits                      EXTERNAL      00000000              0
_DACCON1                          EXTERNAL      00000000              0
_DACCON1bits                      EXTERNAL      00000000              0
_DDRA                             EXTERNAL      00000000              0
_DDRAbits                         EXTERNAL      00000000              0
_DDRB                             EXTERNAL      00000000              0
_DDRBbits                         EXTERNAL      00000000              0
_DDRC                             EXTERNAL      00000000              0
_DDRCbits                         EXTERNAL      00000000              0
_ECCP1AS                          EXTERNAL      00000000              0
_ECCP1ASbits                      EXTERNAL      00000000              0
_ECCP2AS                          EXTERNAL      00000000              0
_ECCP2ASbits                      EXTERNAL      00000000              0
_ECCP3AS                          EXTERNAL      00000000              0
_ECCP3ASbits                      EXTERNAL      00000000              0
_ECCPAS                           EXTERNAL      00000000              0
_ECCPASbits                       EXTERNAL      00000000              0
_EEADR                            EXTERNAL      00000000              0
gpasm-1.5.0 #1285 (Dec 29 2017) exampleFruit-   27/01/2020  11:10:58        PAGE 12


SYMBOL TABLE
  LABEL                              TYPE        VALUE         VALUE          VALUE
                                                 (hex)         (dec)          (text)

_EEADRH                           EXTERNAL      00000000              0
_EEADRHbits                       EXTERNAL      00000000              0
_EEADRbits                        EXTERNAL      00000000              0
_EECON1                           EXTERNAL      00000000              0
_EECON1bits                       EXTERNAL      00000000              0
_EECON2                           EXTERNAL      00000000              0
_EEDATA                           EXTERNAL      00000000              0
_FSR0H                            EXTERNAL      00000000              0
_FSR0L                            EXTERNAL      00000000              0
_FSR1H                            EXTERNAL      00000000              0
_FSR1L                            EXTERNAL      00000000              0
_FSR2H                            EXTERNAL      00000000              0
_FSR2L                            EXTERNAL      00000000              0
_FVRCON                           EXTERNAL      00000000              0
_FVRCONbits                       EXTERNAL      00000000              0
_Generic26kSetup                  GLOBAL        00000000              0
_HLVDCON                          EXTERNAL      00000000              0
_HLVDCONbits                      EXTERNAL      00000000              0
_INDF0                            EXTERNAL      00000000              0
_INDF1                            EXTERNAL      00000000              0
_INDF2                            EXTERNAL      00000000              0
_INTCON                           EXTERNAL      00000000              0
_INTCON2                          EXTERNAL      00000000              0
_INTCON2bits                      EXTERNAL      00000000              0
_INTCON3                          EXTERNAL      00000000              0
_INTCON3bits                      EXTERNAL      00000000              0
_INTCONbits                       EXTERNAL      00000000              0
_IOCB                             EXTERNAL      00000000              0
_IOCBbits                         EXTERNAL      00000000              0
_IPR1                             EXTERNAL      00000000              0
_IPR1bits                         EXTERNAL      00000000              0
_IPR2                             EXTERNAL      00000000              0
_IPR2bits                         EXTERNAL      00000000              0
_IPR3                             EXTERNAL      00000000              0
_IPR3bits                         EXTERNAL      00000000              0
_IPR4                             EXTERNAL      00000000              0
_IPR4bits                         EXTERNAL      00000000              0
_IPR5                             EXTERNAL      00000000              0
_IPR5bits                         EXTERNAL      00000000              0
_LATA                             EXTERNAL      00000000              0
_LATAbits                         EXTERNAL      00000000              0
_LATB                             EXTERNAL      00000000              0
_LATBbits                         EXTERNAL      00000000              0
_LATC                             EXTERNAL      00000000              0
_LATCbits                         EXTERNAL      00000000              0
_LVDCON                           EXTERNAL      00000000              0
_LVDCONbits                       EXTERNAL      00000000              0
_OSCCON                           EXTERNAL      00000000              0
_OSCCON2                          EXTERNAL      00000000              0
_OSCCON2bits                      EXTERNAL      00000000              0
_OSCCONbits                       EXTERNAL      00000000              0
_OSCTUNE                          EXTERNAL      00000000              0
gpasm-1.5.0 #1285 (Dec 29 2017) exampleFruit-   27/01/2020  11:10:58        PAGE 13


SYMBOL TABLE
  LABEL                              TYPE        VALUE         VALUE          VALUE
                                                 (hex)         (dec)          (text)

_OSCTUNEbits                      EXTERNAL      00000000              0
_PC                               EXTERNAL      00000000              0
_PCL                              EXTERNAL      00000000              0
_PCLATH                           EXTERNAL      00000000              0
_PCLATU                           EXTERNAL      00000000              0
_PIE1                             EXTERNAL      00000000              0
_PIE1bits                         EXTERNAL      00000000              0
_PIE2                             EXTERNAL      00000000              0
_PIE2bits                         EXTERNAL      00000000              0
_PIE3                             EXTERNAL      00000000              0
_PIE3bits                         EXTERNAL      00000000              0
_PIE4                             EXTERNAL      00000000              0
_PIE4bits                         EXTERNAL      00000000              0
_PIE5                             EXTERNAL      00000000              0
_PIE5bits                         EXTERNAL      00000000              0
_PIR1                             EXTERNAL      00000000              0
_PIR1bits                         EXTERNAL      00000000              0
_PIR2                             EXTERNAL      00000000              0
_PIR2bits                         EXTERNAL      00000000              0
_PIR3                             EXTERNAL      00000000              0
_PIR3bits                         EXTERNAL      00000000              0
_PIR4                             EXTERNAL      00000000              0
_PIR4bits                         EXTERNAL      00000000              0
_PIR5                             EXTERNAL      00000000              0
_PIR5bits                         EXTERNAL      00000000              0
_PLUSW0                           EXTERNAL      00000000              0
_PLUSW1                           EXTERNAL      00000000              0
_PLUSW2                           EXTERNAL      00000000              0
_PMD0                             EXTERNAL      00000000              0
_PMD0bits                         EXTERNAL      00000000              0
_PMD1                             EXTERNAL      00000000              0
_PMD1bits                         EXTERNAL      00000000              0
_PMD2                             EXTERNAL      00000000              0
_PMD2bits                         EXTERNAL      00000000              0
_PORTA                            EXTERNAL      00000000              0
_PORTAbits                        EXTERNAL      00000000              0
_PORTB                            EXTERNAL      00000000              0
_PORTBbits                        EXTERNAL      00000000              0
_PORTC                            EXTERNAL      00000000              0
_PORTCbits                        EXTERNAL      00000000              0
_PORTE                            EXTERNAL      00000000              0
_PORTEbits                        EXTERNAL      00000000              0
_POSTDEC0                         EXTERNAL      00000000              0
_POSTDEC1                         EXTERNAL      00000000              0
_POSTDEC2                         EXTERNAL      00000000              0
_POSTINC0                         EXTERNAL      00000000              0
_POSTINC1                         EXTERNAL      00000000              0
_POSTINC2                         EXTERNAL      00000000              0
_PR2                              EXTERNAL      00000000              0
_PR4                              EXTERNAL      00000000              0
_PR6                              EXTERNAL      00000000              0
_PREINC0                          EXTERNAL      00000000              0
gpasm-1.5.0 #1285 (Dec 29 2017) exampleFruit-   27/01/2020  11:10:58        PAGE 14


SYMBOL TABLE
  LABEL                              TYPE        VALUE         VALUE          VALUE
                                                 (hex)         (dec)          (text)

_PREINC1                          EXTERNAL      00000000              0
_PREINC2                          EXTERNAL      00000000              0
_PROD                             EXTERNAL      00000000              0
_PRODH                            EXTERNAL      00000000              0
_PRODL                            EXTERNAL      00000000              0
_PSTR1CON                         EXTERNAL      00000000              0
_PSTR1CONbits                     EXTERNAL      00000000              0
_PSTR2CON                         EXTERNAL      00000000              0
_PSTR2CONbits                     EXTERNAL      00000000              0
_PSTR3CON                         EXTERNAL      00000000              0
_PSTR3CONbits                     EXTERNAL      00000000              0
_PSTRCON                          EXTERNAL      00000000              0
_PSTRCONbits                      EXTERNAL      00000000              0
_PWM1CON                          EXTERNAL      00000000              0
_PWM1CONbits                      EXTERNAL      00000000              0
_PWM2CON                          EXTERNAL      00000000              0
_PWM2CONbits                      EXTERNAL      00000000              0
_PWM3CON                          EXTERNAL      00000000              0
_PWM3CONbits                      EXTERNAL      00000000              0
_PWMCON                           EXTERNAL      00000000              0
_PWMCONbits                       EXTERNAL      00000000              0
_RC1REG                           EXTERNAL      00000000              0
_RC1STA                           EXTERNAL      00000000              0
_RC1STAbits                       EXTERNAL      00000000              0
_RC2REG                           EXTERNAL      00000000              0
_RC2STA                           EXTERNAL      00000000              0
_RC2STAbits                       EXTERNAL      00000000              0
_RCON                             EXTERNAL      00000000              0
_RCONbits                         EXTERNAL      00000000              0
_RCREG                            EXTERNAL      00000000              0
_RCREG1                           EXTERNAL      00000000              0
_RCREG2                           EXTERNAL      00000000              0
_RCSTA                            EXTERNAL      00000000              0
_RCSTA1                           EXTERNAL      00000000              0
_RCSTA1bits                       EXTERNAL      00000000              0
_RCSTA2                           EXTERNAL      00000000              0
_RCSTA2bits                       EXTERNAL      00000000              0
_RCSTAbits                        EXTERNAL      00000000              0
_SLRCON                           EXTERNAL      00000000              0
_SLRCONbits                       EXTERNAL      00000000              0
_SP1BRG                           EXTERNAL      00000000              0
_SP1BRGH                          EXTERNAL      00000000              0
_SP2BRG                           EXTERNAL      00000000              0
_SP2BRGH                          EXTERNAL      00000000              0
_SPBRG                            EXTERNAL      00000000              0
_SPBRG1                           EXTERNAL      00000000              0
_SPBRG2                           EXTERNAL      00000000              0
_SPBRGH                           EXTERNAL      00000000              0
_SPBRGH1                          EXTERNAL      00000000              0
_SPBRGH2                          EXTERNAL      00000000              0
_SRCON0                           EXTERNAL      00000000              0
_SRCON0bits                       EXTERNAL      00000000              0
gpasm-1.5.0 #1285 (Dec 29 2017) exampleFruit-   27/01/2020  11:10:58        PAGE 15


SYMBOL TABLE
  LABEL                              TYPE        VALUE         VALUE          VALUE
                                                 (hex)         (dec)          (text)

_SRCON1                           EXTERNAL      00000000              0
_SRCON1bits                       EXTERNAL      00000000              0
_SSP1ADD                          EXTERNAL      00000000              0
_SSP1BUF                          EXTERNAL      00000000              0
_SSP1CON1                         EXTERNAL      00000000              0
_SSP1CON1bits                     EXTERNAL      00000000              0
_SSP1CON2                         EXTERNAL      00000000              0
_SSP1CON2bits                     EXTERNAL      00000000              0
_SSP1CON3                         EXTERNAL      00000000              0
_SSP1CON3bits                     EXTERNAL      00000000              0
_SSP1MSK                          EXTERNAL      00000000              0
_SSP1MSKbits                      EXTERNAL      00000000              0
_SSP1STAT                         EXTERNAL      00000000              0
_SSP1STATbits                     EXTERNAL      00000000              0
_SSP2ADD                          EXTERNAL      00000000              0
_SSP2BUF                          EXTERNAL      00000000              0
_SSP2CON1                         EXTERNAL      00000000              0
_SSP2CON1bits                     EXTERNAL      00000000              0
_SSP2CON2                         EXTERNAL      00000000              0
_SSP2CON2bits                     EXTERNAL      00000000              0
_SSP2CON3                         EXTERNAL      00000000              0
_SSP2CON3bits                     EXTERNAL      00000000              0
_SSP2MSK                          EXTERNAL      00000000              0
_SSP2MSKbits                      EXTERNAL      00000000              0
_SSP2STAT                         EXTERNAL      00000000              0
_SSP2STATbits                     EXTERNAL      00000000              0
_SSPADD                           EXTERNAL      00000000              0
_SSPBUF                           EXTERNAL      00000000              0
_SSPCON1                          EXTERNAL      00000000              0
_SSPCON1bits                      EXTERNAL      00000000              0
_SSPCON2                          EXTERNAL      00000000              0
_SSPCON2bits                      EXTERNAL      00000000              0
_SSPCON3                          EXTERNAL      00000000              0
_SSPCON3bits                      EXTERNAL      00000000              0
_SSPMSK                           EXTERNAL      00000000              0
_SSPMSKbits                       EXTERNAL      00000000              0
_SSPSTAT                          EXTERNAL      00000000              0
_SSPSTATbits                      EXTERNAL      00000000              0
_STATUS                           EXTERNAL      00000000              0
_STATUSbits                       EXTERNAL      00000000              0
_STKPTR                           EXTERNAL      00000000              0
_STKPTRbits                       EXTERNAL      00000000              0
_Setup                            GLOBAL        00000000              0
_T0CON                            EXTERNAL      00000000              0
_T0CONbits                        EXTERNAL      00000000              0
_T1CON                            EXTERNAL      00000000              0
_T1CONbits                        EXTERNAL      00000000              0
_T1GCON                           EXTERNAL      00000000              0
_T1GCONbits                       EXTERNAL      00000000              0
_T2CON                            EXTERNAL      00000000              0
_T2CONbits                        EXTERNAL      00000000              0
_T3CON                            EXTERNAL      00000000              0
gpasm-1.5.0 #1285 (Dec 29 2017) exampleFruit-   27/01/2020  11:10:58        PAGE 16


SYMBOL TABLE
  LABEL                              TYPE        VALUE         VALUE          VALUE
                                                 (hex)         (dec)          (text)

_T3CONbits                        EXTERNAL      00000000              0
_T3GCON                           EXTERNAL      00000000              0
_T3GCONbits                       EXTERNAL      00000000              0
_T4CON                            EXTERNAL      00000000              0
_T4CONbits                        EXTERNAL      00000000              0
_T5CON                            EXTERNAL      00000000              0
_T5CONbits                        EXTERNAL      00000000              0
_T5GCON                           EXTERNAL      00000000              0
_T5GCONbits                       EXTERNAL      00000000              0
_T6CON                            EXTERNAL      00000000              0
_T6CONbits                        EXTERNAL      00000000              0
_TABLAT                           EXTERNAL      00000000              0
_TBLPTR                           EXTERNAL      00000000              0
_TBLPTRH                          EXTERNAL      00000000              0
_TBLPTRL                          EXTERNAL      00000000              0
_TBLPTRU                          EXTERNAL      00000000              0
_TMR0                             EXTERNAL      00000000              0
_TMR0H                            EXTERNAL      00000000              0
_TMR0L                            EXTERNAL      00000000              0
_TMR1                             EXTERNAL      00000000              0
_TMR1H                            EXTERNAL      00000000              0
_TMR1L                            EXTERNAL      00000000              0
_TMR2                             EXTERNAL      00000000              0
_TMR3                             EXTERNAL      00000000              0
_TMR3H                            EXTERNAL      00000000              0
_TMR3L                            EXTERNAL      00000000              0
_TMR4                             EXTERNAL      00000000              0
_TMR5                             EXTERNAL      00000000              0
_TMR5H                            EXTERNAL      00000000              0
_TMR5L                            EXTERNAL      00000000              0
_TMR6                             EXTERNAL      00000000              0
_TOS                              EXTERNAL      00000000              0
_TOSH                             EXTERNAL      00000000              0
_TOSL                             EXTERNAL      00000000              0
_TOSU                             EXTERNAL      00000000              0
_TRISA                            EXTERNAL      00000000              0
_TRISAbits                        EXTERNAL      00000000              0
_TRISB                            EXTERNAL      00000000              0
_TRISBbits                        EXTERNAL      00000000              0
_TRISC                            EXTERNAL      00000000              0
_TRISCbits                        EXTERNAL      00000000              0
_TRISE                            EXTERNAL      00000000              0
_TRISEbits                        EXTERNAL      00000000              0
_TX1REG                           EXTERNAL      00000000              0
_TX1STA                           EXTERNAL      00000000              0
_TX1STAbits                       EXTERNAL      00000000              0
_TX2REG                           EXTERNAL      00000000              0
_TX2STA                           EXTERNAL      00000000              0
_TX2STAbits                       EXTERNAL      00000000              0
_TXREG                            EXTERNAL      00000000              0
_TXREG1                           EXTERNAL      00000000              0
_TXREG2                           EXTERNAL      00000000              0
gpasm-1.5.0 #1285 (Dec 29 2017) exampleFruit-   27/01/2020  11:10:58        PAGE 17


SYMBOL TABLE
  LABEL                              TYPE        VALUE         VALUE          VALUE
                                                 (hex)         (dec)          (text)

_TXSTA                            EXTERNAL      00000000              0
_TXSTA1                           EXTERNAL      00000000              0
_TXSTA1bits                       EXTERNAL      00000000              0
_TXSTA2                           EXTERNAL      00000000              0
_TXSTA2bits                       EXTERNAL      00000000              0
_TXSTAbits                        EXTERNAL      00000000              0
_VREFCON0                         EXTERNAL      00000000              0
_VREFCON0bits                     EXTERNAL      00000000              0
_VREFCON1                         EXTERNAL      00000000              0
_VREFCON1bits                     EXTERNAL      00000000              0
_VREFCON2                         EXTERNAL      00000000              0
_VREFCON2bits                     EXTERNAL      00000000              0
_WDTCON                           EXTERNAL      00000000              0
_WDTCONbits                       EXTERNAL      00000000              0
_WPUB                             EXTERNAL      00000000              0
_WPUBbits                         EXTERNAL      00000000              0
_WREG                             EXTERNAL      00000000              0
__16_BIT                          CONSTANT      00000001              1
__18F26K22                        CONSTANT      00000001              1
__ACC_RAM_LOW_END                 CONSTANT      0000005F             95
__ACC_RAM_LOW_START               CONSTANT      00000000              0
__ACTIVE_BANK_ADDR                VARIABLE      FFFFFFFF             -1
__ASSUMED_BANK_ADDR               VARIABLE      FFFFFFFF             -1
__BANK_0                          CONSTANT      00000000              0
__BANK_1                          CONSTANT      00000100            256
__BANK_2                          CONSTANT      00000200            512
__BANK_3                          CONSTANT      00000300            768
__BANK_4                          CONSTANT      00000400           1024
__BANK_5                          CONSTANT      00000500           1280
__BANK_6                          CONSTANT      00000600           1536
__BANK_7                          CONSTANT      00000700           1792
__BANK_8                          CONSTANT      00000800           2048
__BANK_9                          CONSTANT      00000900           2304
__BANK_10                         CONSTANT      00000A00           2560
__BANK_11                         CONSTANT      00000B00           2816
__BANK_12                         CONSTANT      00000C00           3072
__BANK_13                         CONSTANT      00000D00           3328
__BANK_14                         CONSTANT      00000E00           3584
__BANK_15                         CONSTANT      00000F00           3840
__BANK_BITS                       CONSTANT      00000F00           3840
__BANK_FIRST                      CONSTANT      00000000              0
__BANK_INV                        CONSTANT      FFFFFFFF             -1
__BANK_LAST                       CONSTANT      00000F00           3840
__BANK_MASK                       CONSTANT      000000FF            255
__BANK_SHIFT                      CONSTANT      00000008              8
__BANK_SIZE                       CONSTANT      00000100            256
__CODE_END                        CONSTANT      0000FFFF          65535
__CODE_START                      CONSTANT      00000000              0
__COMMON_RAM_END                  CONSTANT      0000005F             95
__COMMON_RAM_START                CONSTANT      00000000              0
__CONFIG_END                      CONSTANT      0030000D        3145741
__CONFIG_START                    CONSTANT      00300000        3145728
gpasm-1.5.0 #1285 (Dec 29 2017) exampleFruit-   27/01/2020  11:10:58        PAGE 18


SYMBOL TABLE
  LABEL                              TYPE        VALUE         VALUE          VALUE
                                                 (hex)         (dec)          (text)

__EEPROM_END                      CONSTANT      00F003FF       15729663
__EEPROM_START                    CONSTANT      00F00000       15728640
__EXTENDED                        CONSTANT      00000001              1
__GPUTILS_SVN_VERSION             CONSTANT      00000505           1285
__GPUTILS_VERSION_MAJOR           CONSTANT      00000001              1
__GPUTILS_VERSION_MICRO           CONSTANT      00000000              0
__GPUTILS_VERSION_MINOR           CONSTANT      00000005              5
__IDLOCS_END                      CONSTANT      00200007        2097159
__IDLOCS_START                    CONSTANT      00200000        2097152
__NUM_BANKS                       CONSTANT      00000010             16
__VECTOR_INT_HIGH                 CONSTANT      00000008              8
__VECTOR_INT_LOW                  CONSTANT      00000018             24
__VECTOR_RESET                    CONSTANT      00000000              0
__WHILE_LOOP_COUNT_MAX            CONSTANT      000000FF            255

Errors   :     0
Warnings :     0 reported,     0 suppressed
Messages :     0 reported,     0 suppressed

